// Vitest Snapshot v1, https://vitest.dev/guide/snapshot.html

exports[`/general/buttons 1`] = `
"<nav class="flex" aria-label="Breadcrumb">
  <ol class="inline-flex flex-wrap items-center">
    <li class="inline-flex items-center"><span class="inline-flex text-sm font-bold text-slate-600 dark:text-slate-400"><!--v-if--> Library</span></li>
    <li class="inline-flex items-center"><span class="mx-2 text-sm">/</span></li>
    <li class="inline-flex items-center"><span class="inline-flex text-sm font-bold text-slate-600 dark:text-slate-400"><!--v-if--> General</span></li>
    <li class="inline-flex items-center"><span class="mx-2 text-sm">/</span></li>
    <li class="inline-flex items-center"><span class="inline-flex text-sm font-bold text-slate-600 dark:text-slate-400"><!--v-if--> Button</span></li>
    <!--v-if-->
  </ol>
</nav>
<h1 class="my-4 text-4xl font-extrabold">Button</h1>
<section class="my-8">
  <h2 class="my-4 text-3xl font-bold">Basic</h2>
  <div data-v-8e4fc0f5="" class="Card">
    <div data-v-8e4fc0f5="" class="Card-Header"></div>
    <div data-v-8e4fc0f5="" class="Card-Body">
      <div data-v-8e4fc0f5="" class="Card-Title"></div>
      <div data-v-8e4fc0f5="" class="Card-Subtitle"></div>
      <div data-v-8e4fc0f5="" class="CardContent">
        <div class="space-y-4">
          <div class="flex flex-col gap-4 md:flex-row"><button data-v-9732f2ec="" type="button" class="Button contained primary small">
              <!--v-if-->
              <!--v-if-->
              <div data-v-9732f2ec="">Contained</div>
              <!--v-if-->
            </button><button data-v-9732f2ec="" type="button" class="Button outlined primary small">
              <!--v-if-->
              <!--v-if-->
              <div data-v-9732f2ec="">Outlined</div>
              <!--v-if-->
            </button><button data-v-9732f2ec="" type="button" class="Button text primary small">
              <!--v-if-->
              <!--v-if-->
              <div data-v-9732f2ec="">Text</div>
              <!--v-if-->
            </button></div>
          <div class="flex flex-col gap-4 md:flex-row"><button data-v-9732f2ec="" type="button" class="Button contained primary">
              <!--v-if-->
              <!--v-if-->
              <div data-v-9732f2ec="">Contained</div>
              <!--v-if-->
            </button><button data-v-9732f2ec="" type="button" class="Button outlined primary">
              <!--v-if-->
              <!--v-if-->
              <div data-v-9732f2ec="">Outlined</div>
              <!--v-if-->
            </button><button data-v-9732f2ec="" type="button" class="Button text primary">
              <!--v-if-->
              <!--v-if-->
              <div data-v-9732f2ec="">Text</div>
              <!--v-if-->
            </button></div>
          <div class="flex flex-col gap-4 md:flex-row"><button data-v-9732f2ec="" type="button" class="Button contained primary large">
              <!--v-if-->
              <!--v-if-->
              <div data-v-9732f2ec="">Contained</div>
              <!--v-if-->
            </button><button data-v-9732f2ec="" type="button" class="Button outlined primary large">
              <!--v-if-->
              <!--v-if-->
              <div data-v-9732f2ec="">Outlined</div>
              <!--v-if-->
            </button><button data-v-9732f2ec="" type="button" class="Button text primary large">
              <!--v-if-->
              <!--v-if-->
              <div data-v-9732f2ec="">Text</div>
              <!--v-if-->
            </button></div>
        </div>
      </div>
      <div data-v-8e4fc0f5="" class="Card-Footer"></div>
    </div>
  </div>
</section>
<section class="my-8">
  <h2 class="my-4 pt-6 text-3xl font-bold">Icons</h2>
  <div data-v-8e4fc0f5="" class="Card">
    <div data-v-8e4fc0f5="" class="Card-Header"></div>
    <div data-v-8e4fc0f5="" class="Card-Body">
      <div data-v-8e4fc0f5="" class="Card-Title"></div>
      <div data-v-8e4fc0f5="" class="Card-Subtitle"></div>
      <div data-v-8e4fc0f5="" class="CardContent">
        <div class="space-y-4">
          <div class="flex flex-col gap-4 md:flex-row"><button data-v-9732f2ec="" type="button" class="Button contained primary small icon">
              <div data-v-9732f2ec="" class="Button-Icon i-material-symbols-add-rounded small"></div>
              <!--v-if-->
              <!--v-if-->
              <!--v-if-->
            </button><button data-v-9732f2ec="" type="button" class="Button contained primary small">
              <!--v-if-->
              <div data-v-9732f2ec="" class="Button-Icon flex items-center overflow-hidden small">
                <div data-v-9732f2ec="" class="Button-Icon i-material-symbols-search-rounded small"></div>
              </div>
              <div data-v-9732f2ec="">Search</div>
              <!--v-if-->
            </button><button data-v-9732f2ec="" type="button" class="Button contained primary small">
              <!--v-if-->
              <!--v-if-->
              <div data-v-9732f2ec="">Next</div>
              <div data-v-9732f2ec="" class="Button-Icon flex items-center overflow-hidden small">
                <div data-v-9732f2ec="" class="Button-Icon i-material-symbols-arrow-right-alt-rounded small"></div>
              </div>
            </button></div>
          <div class="flex flex-col gap-4 md:flex-row"><button data-v-9732f2ec="" type="button" class="Button contained primary icon">
              <div data-v-9732f2ec="" class="Button-Icon i-material-symbols-add-rounded"></div>
              <!--v-if-->
              <!--v-if-->
              <!--v-if-->
            </button><button data-v-9732f2ec="" type="button" class="Button contained primary">
              <!--v-if-->
              <div data-v-9732f2ec="" class="Button-Icon flex items-center overflow-hidden">
                <div data-v-9732f2ec="" class="Button-Icon i-material-symbols-search-rounded"></div>
              </div>
              <div data-v-9732f2ec="">Search</div>
              <!--v-if-->
            </button><button data-v-9732f2ec="" type="button" class="Button contained primary">
              <!--v-if-->
              <!--v-if-->
              <div data-v-9732f2ec="">Next</div>
              <div data-v-9732f2ec="" class="Button-Icon flex items-center overflow-hidden">
                <div data-v-9732f2ec="" class="Button-Icon i-material-symbols-arrow-right-alt-rounded"></div>
              </div>
            </button></div>
          <div class="flex flex-col gap-4 md:flex-row"><button data-v-9732f2ec="" type="button" class="Button contained primary large icon">
              <div data-v-9732f2ec="" class="Button-Icon i-material-symbols-add-rounded large"></div>
              <!--v-if-->
              <!--v-if-->
              <!--v-if-->
            </button><button data-v-9732f2ec="" type="button" class="Button contained primary large">
              <!--v-if-->
              <div data-v-9732f2ec="" class="Button-Icon flex items-center overflow-hidden large">
                <div data-v-9732f2ec="" class="Button-Icon i-material-symbols-search-rounded large"></div>
              </div>
              <div data-v-9732f2ec="">Search</div>
              <!--v-if-->
            </button><button data-v-9732f2ec="" type="button" class="Button contained primary large">
              <!--v-if-->
              <!--v-if-->
              <div data-v-9732f2ec="">Next</div>
              <div data-v-9732f2ec="" class="Button-Icon flex items-center overflow-hidden large">
                <div data-v-9732f2ec="" class="Button-Icon i-material-symbols-arrow-right-alt-rounded large"></div>
              </div>
            </button></div>
        </div>
      </div>
      <div data-v-8e4fc0f5="" class="Card-Footer"></div>
    </div>
  </div>
</section>
<section class="my-8">
  <h2 class="my-4 pt-6 text-3xl font-bold">Disabled</h2>
  <div data-v-8e4fc0f5="" class="Card">
    <div data-v-8e4fc0f5="" class="Card-Header"></div>
    <div data-v-8e4fc0f5="" class="Card-Body">
      <div data-v-8e4fc0f5="" class="Card-Title"></div>
      <div data-v-8e4fc0f5="" class="Card-Subtitle"></div>
      <div data-v-8e4fc0f5="" class="CardContent">
        <div class="flex flex-col gap-4 md:flex-row"><button data-v-9732f2ec="" type="button" class="Button contained primary disabled" disabled="">
            <!--v-if-->
            <!--v-if-->
            <div data-v-9732f2ec="">Contained</div>
            <!--v-if-->
          </button><button data-v-9732f2ec="" type="button" class="Button outlined primary disabled" disabled="">
            <!--v-if-->
            <!--v-if-->
            <div data-v-9732f2ec="">Outlined</div>
            <!--v-if-->
          </button><button data-v-9732f2ec="" type="button" class="Button text primary disabled" disabled="">
            <!--v-if-->
            <!--v-if-->
            <div data-v-9732f2ec="">Text</div>
            <!--v-if-->
          </button></div>
      </div>
      <div data-v-8e4fc0f5="" class="Card-Footer"></div>
    </div>
  </div>
</section>
<section class="my-8">
  <h2 class="my-4 pt-6 text-3xl font-bold">Loading</h2>
  <div data-v-8e4fc0f5="" class="Card">
    <div data-v-8e4fc0f5="" class="Card-Header"></div>
    <div data-v-8e4fc0f5="" class="Card-Body">
      <div data-v-8e4fc0f5="" class="Card-Title"></div>
      <div data-v-8e4fc0f5="" class="Card-Subtitle"></div>
      <div data-v-8e4fc0f5="" class="CardContent">
        <div class="space-y-4"><button data-v-9732f2ec="" type="button" class="Button contained primary small">
            <!--v-if-->
            <div data-v-9732f2ec="" class="Button-Icon flex items-center overflow-hidden small">
              <div data-v-9732f2ec="" class="Button-Icon i-material-symbols-search-rounded small"></div>
            </div>
            <div data-v-9732f2ec="">Search</div>
            <!--v-if-->
          </button><button data-v-9732f2ec="" type="button" class="Button contained primary">
            <!--v-if-->
            <div data-v-9732f2ec="" class="Button-Icon flex items-center overflow-hidden">
              <div data-v-9732f2ec="" class="Button-Icon i-material-symbols-search-rounded"></div>
            </div>
            <div data-v-9732f2ec="">Search</div>
            <!--v-if-->
          </button><button data-v-9732f2ec="" type="button" class="Button contained primary large">
            <!--v-if-->
            <div data-v-9732f2ec="" class="Button-Icon flex items-center overflow-hidden large">
              <div data-v-9732f2ec="" class="Button-Icon i-material-symbols-search-rounded large"></div>
            </div>
            <div data-v-9732f2ec="">Search</div>
            <!--v-if-->
          </button></div>
      </div>
      <div data-v-8e4fc0f5="" class="Card-Footer"></div>
    </div>
  </div>
</section>
<section class="my-8">
  <h2 class="my-4 pt-6 text-3xl font-bold">Colors</h2>
  <div data-v-8e4fc0f5="" class="Card">
    <div data-v-8e4fc0f5="" class="Card-Header"></div>
    <div data-v-8e4fc0f5="" class="Card-Body">
      <div data-v-8e4fc0f5="" class="Card-Title"></div>
      <div data-v-8e4fc0f5="" class="Card-Subtitle"></div>
      <div data-v-8e4fc0f5="" class="CardContent">
        <div class="space-y-4">
          <div class="flex flex-col flex-wrap gap-4 md:flex-row"><button data-v-9732f2ec="" type="button" class="Button contained primary">
              <!--v-if-->
              <!--v-if-->
              <div data-v-9732f2ec="">Primary</div>
              <!--v-if-->
            </button><button data-v-9732f2ec="" type="button" class="Button contained secondary">
              <!--v-if-->
              <!--v-if-->
              <div data-v-9732f2ec="">Secondary</div>
              <!--v-if-->
            </button><button data-v-9732f2ec="" type="button" class="Button contained success">
              <!--v-if-->
              <!--v-if-->
              <div data-v-9732f2ec="">Success</div>
              <!--v-if-->
            </button><button data-v-9732f2ec="" type="button" class="Button contained danger">
              <!--v-if-->
              <!--v-if-->
              <div data-v-9732f2ec="">Danger</div>
              <!--v-if-->
            </button><button data-v-9732f2ec="" type="button" class="Button contained warning">
              <!--v-if-->
              <!--v-if-->
              <div data-v-9732f2ec="">Warning</div>
              <!--v-if-->
            </button><button data-v-9732f2ec="" type="button" class="Button contained info">
              <!--v-if-->
              <!--v-if-->
              <div data-v-9732f2ec="">Info</div>
              <!--v-if-->
            </button></div>
          <div class="flex flex-col flex-wrap gap-4 md:flex-row"><button data-v-9732f2ec="" type="button" class="Button outlined primary">
              <!--v-if-->
              <!--v-if-->
              <div data-v-9732f2ec="">Primary</div>
              <!--v-if-->
            </button><button data-v-9732f2ec="" type="button" class="Button outlined secondary">
              <!--v-if-->
              <!--v-if-->
              <div data-v-9732f2ec="">Secondary</div>
              <!--v-if-->
            </button><button data-v-9732f2ec="" type="button" class="Button outlined success">
              <!--v-if-->
              <!--v-if-->
              <div data-v-9732f2ec="">Success</div>
              <!--v-if-->
            </button><button data-v-9732f2ec="" type="button" class="Button outlined danger">
              <!--v-if-->
              <!--v-if-->
              <div data-v-9732f2ec="">Danger</div>
              <!--v-if-->
            </button><button data-v-9732f2ec="" type="button" class="Button outlined warning">
              <!--v-if-->
              <!--v-if-->
              <div data-v-9732f2ec="">Warning</div>
              <!--v-if-->
            </button><button data-v-9732f2ec="" type="button" class="Button outlined info">
              <!--v-if-->
              <!--v-if-->
              <div data-v-9732f2ec="">Info</div>
              <!--v-if-->
            </button></div>
          <div class="flex flex-col flex-wrap gap-4 md:flex-row"><button data-v-9732f2ec="" type="button" class="Button text primary">
              <!--v-if-->
              <!--v-if-->
              <div data-v-9732f2ec="">Primary</div>
              <!--v-if-->
            </button><button data-v-9732f2ec="" type="button" class="Button text secondary">
              <!--v-if-->
              <!--v-if-->
              <div data-v-9732f2ec="">Secondary</div>
              <!--v-if-->
            </button><button data-v-9732f2ec="" type="button" class="Button text success">
              <!--v-if-->
              <!--v-if-->
              <div data-v-9732f2ec="">Success</div>
              <!--v-if-->
            </button><button data-v-9732f2ec="" type="button" class="Button text danger">
              <!--v-if-->
              <!--v-if-->
              <div data-v-9732f2ec="">Danger</div>
              <!--v-if-->
            </button><button data-v-9732f2ec="" type="button" class="Button text warning">
              <!--v-if-->
              <!--v-if-->
              <div data-v-9732f2ec="">Warning</div>
              <!--v-if-->
            </button><button data-v-9732f2ec="" type="button" class="Button text info">
              <!--v-if-->
              <!--v-if-->
              <div data-v-9732f2ec="">Info</div>
              <!--v-if-->
            </button></div>
        </div>
      </div>
      <div data-v-8e4fc0f5="" class="Card-Footer"></div>
    </div>
  </div>
</section>
<section class="my-8">
  <h2 class="my-4 pt-6 text-3xl font-bold">Template</h2>
  <div data-v-8e4fc0f5="" class="Card">
    <div data-v-8e4fc0f5="" class="Card-Header"></div>
    <div data-v-8e4fc0f5="" class="Card-Body">
      <div data-v-8e4fc0f5="" class="Card-Title"></div>
      <div data-v-8e4fc0f5="" class="Card-Subtitle"></div>
      <div data-v-8e4fc0f5="" class="CardContent"><button data-v-9732f2ec="" type="button" class="Button outlined primary"> Template <div data-v-84f06950="" class="flex">
            <div data-v-84f06950="" class="Chip primary">5
              <!--v-if-->
            </div>
          </div></button></div>
      <div data-v-8e4fc0f5="" class="Card-Footer"></div>
    </div>
  </div>
</section>
<section class="my-8">
  <h2 class="my-4 pt-6 text-3xl font-bold">Button Group</h2>
  <div data-v-8e4fc0f5="" class="Card">
    <div data-v-8e4fc0f5="" class="Card-Header"></div>
    <div data-v-8e4fc0f5="" class="Card-Body">
      <div data-v-8e4fc0f5="" class="Card-Title"></div>
      <div data-v-8e4fc0f5="" class="Card-Subtitle"></div>
      <div data-v-8e4fc0f5="" class="CardContent">
        <div class="grid grid-rows-2 gap-4">
          <div data-v-9fab3e6e="" class="ButtonGroup"><button data-v-9732f2ec="" type="button" class="Button contained primary">
              <!--v-if-->
              <!--v-if-->
              <div data-v-9732f2ec="">Year</div>
              <!--v-if-->
            </button><button data-v-9732f2ec="" type="button" class="Button contained primary">
              <!--v-if-->
              <!--v-if-->
              <div data-v-9732f2ec="">Month</div>
              <!--v-if-->
            </button><button data-v-9732f2ec="" type="button" class="Button contained primary">
              <!--v-if-->
              <!--v-if-->
              <div data-v-9732f2ec="">Week</div>
              <!--v-if-->
            </button><button data-v-9732f2ec="" type="button" class="Button contained primary">
              <!--v-if-->
              <!--v-if-->
              <div data-v-9732f2ec="">Day</div>
              <!--v-if-->
            </button></div>
          <div data-v-9fab3e6e="" class="ButtonGroup"><button data-v-9732f2ec="" type="button" class="Button outlined primary">
              <!--v-if-->
              <!--v-if-->
              <div data-v-9732f2ec="">Year</div>
              <!--v-if-->
            </button><button data-v-9732f2ec="" type="button" class="Button outlined primary">
              <!--v-if-->
              <!--v-if-->
              <div data-v-9732f2ec="">Month</div>
              <!--v-if-->
            </button><button data-v-9732f2ec="" type="button" class="Button outlined primary">
              <!--v-if-->
              <!--v-if-->
              <div data-v-9732f2ec="">Week</div>
              <!--v-if-->
            </button><button data-v-9732f2ec="" type="button" class="Button outlined primary">
              <!--v-if-->
              <!--v-if-->
              <div data-v-9732f2ec="">Day</div>
              <!--v-if-->
            </button></div>
        </div>
      </div>
      <div data-v-8e4fc0f5="" class="Card-Footer"></div>
    </div>
  </div>
  <section class="my-4">
    <h3 class="my-4 pt-2 text-2xl font-semibold">Controlled</h3>
    <div data-v-8e4fc0f5="" class="Card">
      <div data-v-8e4fc0f5="" class="Card-Header"></div>
      <div data-v-8e4fc0f5="" class="Card-Body">
        <div data-v-8e4fc0f5="" class="Card-Title"></div>
        <div data-v-8e4fc0f5="" class="Card-Subtitle"></div>
        <div data-v-8e4fc0f5="" class="CardContent">
          <div data-v-9fab3e6e="" class="ButtonGroup"><button data-v-9732f2ec="" type="button" class="Button outlined primary">
              <!--v-if-->
              <!--v-if-->
              <div data-v-9732f2ec="">Year</div>
              <!--v-if-->
            </button><button data-v-9732f2ec="" type="button" class="Button outlined primary">
              <!--v-if-->
              <!--v-if-->
              <div data-v-9732f2ec="">Month</div>
              <!--v-if-->
            </button><button data-v-9732f2ec="" type="button" class="Button outlined primary">
              <!--v-if-->
              <!--v-if-->
              <div data-v-9732f2ec="">Week</div>
              <!--v-if-->
            </button><button data-v-9732f2ec="" type="button" class="Button outlined primary">
              <!--v-if-->
              <!--v-if-->
              <div data-v-9732f2ec="">Day</div>
              <!--v-if-->
            </button></div>
        </div>
        <div data-v-8e4fc0f5="" class="Card-Footer"></div>
      </div>
    </div>
  </section>
  <section class="my-4">
    <h3 class="my-4 pt-2 text-2xl font-semibold">Split</h3>
    <div data-v-8e4fc0f5="" class="Card">
      <div data-v-8e4fc0f5="" class="Card-Header"></div>
      <div data-v-8e4fc0f5="" class="Card-Body">
        <div data-v-8e4fc0f5="" class="Card-Title"></div>
        <div data-v-8e4fc0f5="" class="Card-Subtitle"></div>
        <div data-v-8e4fc0f5="" class="CardContent">
          <div class="flex justify-end">
            <div>
              <div data-v-9fab3e6e="" class="ButtonGroup"><button data-v-9732f2ec="" type="button" class="Button contained primary">
                  <!--v-if-->
                  <div data-v-9732f2ec="" class="Button-Icon flex items-center overflow-hidden">
                    <div data-v-9732f2ec="" class="Button-Icon i-material-symbols-add-rounded"></div>
                  </div>
                  <div data-v-9732f2ec="">Add</div>
                  <!--v-if-->
                </button>
                <div data-v-006cd507="" class="Popover">
                  <div data-v-006cd507="" class="Popover-Target"><button data-v-9732f2ec="" type="button" class="Button contained primary">
                      <!--v-if-->
                      <div data-v-9732f2ec="" class="Button-Icon flex items-center overflow-hidden">
                        <div data-v-9732f2ec="" class="Button-Icon i-material-symbols-keyboard-arrow-down-rounded"></div>
                      </div>
                      <!--v-if-->
                      <!--v-if-->
                    </button></div>
                  <transition-stub data-v-f0a4efed="" data-v-006cd507="" name="fade" appear="false" persisted="false" css="true"></transition-stub>
                </div>
              </div>
            </div>
          </div>
        </div>
        <div data-v-8e4fc0f5="" class="Card-Footer"></div>
      </div>
    </div>
  </section>
</section>"
`;
